{"level":"INFO","message":"[7:17:29.303 PM]: Creating new connection object"}
{"level":"INFO","message":"[7:17:29.308 PM]: Creating Connection[id: ebf2e5a6-3f87-4da1-9880-eac961ef8067] with host: LTQNZZI-YUB86327.snowflakecomputing.com, account: LTQNZZI-YUB86327, accessUrl: https://LTQNZZI-YUB86327.snowflakecomputing.com, user: HARIHARAN, role: ACCOUNTADMIN, database: MEDISOURCE_DB, schema: PUBLIC, warehouse: MEDISOURCE_WH, proxy was not configured, password is provided, region: undefined, authenticator: SNOWFLAKE, ocsp mode: FAIL_OPEN, os: win32, os version: 10.0.26200"}
{"level":"INFO","message":"[7:17:29.309 PM]: Connection[id: ebf2e5a6-3f87-4da1-9880-eac961ef8067] additional details: passcode in password is provided, passcode is not provided, private key is not provided, application: undefined, client name: snowflake-sdk, client version: 3.1.0, retry timeout: 300, private key path: undefined, private key pass is not provided, client store temporary credential: false, browser response timeout: 120000"}
{"level":"INFO","message":"[7:17:29.309 PM]: Connection[id: ebf2e5a6-3f87-4da1-9880-eac961ef8067] - connection object created successfully."}
{"level":"INFO","message":"[7:17:29.309 PM]: Connection[id: ebf2e5a6-3f87-4da1-9880-eac961ef8067] - async connecting. Associated Snowflake domain: GLOBAL"}
{"level":"INFO","message":"[7:17:29.310 PM]: Trying to initialize Easy Logging"}
{"level":"INFO","message":"[7:17:29.494 PM]: No client config detected."}
{"level":"INFO","message":"[7:17:29.494 PM]: No config file path found. Client config will not be used."}
{"level":"INFO","message":"[7:17:29.494 PM]: Easy Logging is disabled as no config has been found"}
{"level":"INFO","message":"[7:17:29.495 PM]: Connection[id: ebf2e5a6-3f87-4da1-9880-eac961ef8067] - authentication successful using: SNOWFLAKE"}
{"level":"ERROR","message":"[7:17:32.648 PM]: Connection[id: ebf2e5a6-3f87-4da1-9880-eac961ef8067] - connection failed after 3339 milliseconds. Error: Incorrect username or password was specified. [043dca42-9237-4eb1-96c3-45deda49b325]"}
{"level":"INFO","message":"[7:35:17.141 PM]: Creating new connection object"}
{"level":"INFO","message":"[7:35:17.150 PM]: Creating Connection[id: 8d672538-819e-464c-911d-ed185f826a90] with host: LTQNZZI-YUB86327.snowflakecomputing.com, account: LTQNZZI-YUB86327, accessUrl: https://LTQNZZI-YUB86327.snowflakecomputing.com, user: HARIHARAN, role: ACCOUNTADMIN, database: MEDISOURCE_DB, schema: PUBLIC, warehouse: MEDISOURCE_WH, proxy was not configured, password is provided, region: undefined, authenticator: SNOWFLAKE, ocsp mode: FAIL_OPEN, os: win32, os version: 10.0.26200"}
{"level":"INFO","message":"[7:35:17.150 PM]: Connection[id: 8d672538-819e-464c-911d-ed185f826a90] additional details: passcode in password is provided, passcode is not provided, private key is not provided, application: undefined, client name: snowflake-sdk, client version: 3.1.0, retry timeout: 300, private key path: undefined, private key pass is not provided, client store temporary credential: false, browser response timeout: 120000"}
{"level":"INFO","message":"[7:35:17.151 PM]: Connection[id: 8d672538-819e-464c-911d-ed185f826a90] - connection object created successfully."}
{"level":"INFO","message":"[7:35:17.152 PM]: Connection[id: 8d672538-819e-464c-911d-ed185f826a90] - async connecting. Associated Snowflake domain: GLOBAL"}
{"level":"INFO","message":"[7:35:17.153 PM]: Trying to initialize Easy Logging"}
{"level":"INFO","message":"[7:35:17.363 PM]: No client config detected."}
{"level":"INFO","message":"[7:35:17.364 PM]: No config file path found. Client config will not be used."}
{"level":"INFO","message":"[7:35:17.364 PM]: Easy Logging is disabled as no config has been found"}
{"level":"INFO","message":"[7:35:17.365 PM]: Connection[id: 8d672538-819e-464c-911d-ed185f826a90] - authentication successful using: SNOWFLAKE"}
{"level":"INFO","message":"[7:35:19.564 PM]: Connection[id: 8d672538-819e-464c-911d-ed185f826a90] - connection established successfully after 2412.18 milliseconds"}
{"level":"INFO","message":"[7:41:57.043 PM]: Creating new connection object"}
{"level":"INFO","message":"[7:41:57.051 PM]: Creating Connection[id: 40903589-7a48-4027-a4b4-f2f7bc27a435] with host: LTQNZZI-YUB86327.snowflakecomputing.com, account: LTQNZZI-YUB86327, accessUrl: https://LTQNZZI-YUB86327.snowflakecomputing.com, user: HARIHARAN, role: ACCOUNTADMIN, database: MEDISOURCE_DB, schema: PUBLIC, warehouse: MEDISOURCE_WH, proxy was not configured, password is provided, region: undefined, authenticator: SNOWFLAKE, ocsp mode: FAIL_OPEN, os: win32, os version: 10.0.26200"}
{"level":"INFO","message":"[7:41:57.052 PM]: Connection[id: 40903589-7a48-4027-a4b4-f2f7bc27a435] additional details: passcode in password is provided, passcode is not provided, private key is not provided, application: undefined, client name: snowflake-sdk, client version: 3.1.0, retry timeout: 300, private key path: undefined, private key pass is not provided, client store temporary credential: false, browser response timeout: 120000"}
{"level":"INFO","message":"[7:41:57.053 PM]: Connection[id: 40903589-7a48-4027-a4b4-f2f7bc27a435] - connection object created successfully."}
{"level":"INFO","message":"[7:41:57.054 PM]: Connection[id: 40903589-7a48-4027-a4b4-f2f7bc27a435] - async connecting. Associated Snowflake domain: GLOBAL"}
{"level":"INFO","message":"[7:41:57.054 PM]: Trying to initialize Easy Logging"}
{"level":"INFO","message":"[7:41:57.262 PM]: No client config detected."}
{"level":"INFO","message":"[7:41:57.263 PM]: No config file path found. Client config will not be used."}
{"level":"INFO","message":"[7:41:57.263 PM]: Easy Logging is disabled as no config has been found"}
{"level":"INFO","message":"[7:41:57.263 PM]: Connection[id: 40903589-7a48-4027-a4b4-f2f7bc27a435] - authentication successful using: SNOWFLAKE"}
{"level":"INFO","message":"[7:41:59.569 PM]: Connection[id: 40903589-7a48-4027-a4b4-f2f7bc27a435] - connection established successfully after 2515.61 milliseconds"}
